
> internhub@0.1.0 build
> next build

Γû▓ Next.js 16.2.0 (Turbopack)
- Environments: .env

  Creating an optimized production build ...
Γ£ô Compiled successfully in 19.5s
  Running TypeScript ...
  Finished TypeScript in 35.0s ...
  Collecting page data using 11 workers ...
  Generating static pages using 11 workers (0/16) ...
  Generating static pages using 11 workers (4/16) 
  Generating static pages using 11 workers (8/16) 
  Generating static pages using 11 workers (12/16) 
Γ£ô Generating static pages using 11 workers (16/16) in 4.1s
  Finalizing page optimization ...

Route (app)
Γöî Γùï /
Γö£ Γùï /_not-found
Γö£ Γùï /admin/create-intern
Γö£ Γùï /admin/dashboard
Γö£ Γùï /admin/interns
Γö£ ╞Æ /admin/interns/[id]
Γö£ ╞Æ /api/auth/[...nextauth]
Γö£ Γùï /dashboard
Γö£ Γùï /login
Γö£ Γùï /profile
Γö£ Γùï /super-admin/create-intern
Γö£ Γùï /super-admin/dashboard
Γö£ Γùï /super-admin/departments
Γö£ Γùï /super-admin/departments/create
Γö£ Γùï /super-admin/interns
Γö£ ╞Æ /super-admin/interns/[id]
Γö£ ╞Æ /super-admin/interns/[id]/edit
Γö£ Γùï /super-admin/organizations
Γö£ ╞Æ /super-admin/organizations/[id]
Γöö Γùï /super-admin/organizations/create


╞Æ Proxy (Middleware)

Γùï  (Static)   prerendered as static content
╞Æ  (Dynamic)  server-rendered on demand

